10553 12255 16667 12975 15247 21289 15110 20340 
23988 18833 28962 16671 23865 24094 17327 29174 
17371 12047 21785 10655 18144 19765 16877 25238 
26887 20887 33810 19003 31733 30251 23989 38941 
16903 19041 29057 16927 26788 28424 23953 30417 
20135 16125 23917 15175 24295 21194 17506 30480 
20959 18270 27744 18996 25433 24985 20530 30281 
24384 20358 35060 18884 30064 28435 26374 34778 
