22446 20101 18637 17577 17293 
21291 19211 13833 14718 17436 
12379 11384 10825 9645 8733 
35505 35034 28359 28505 28083 
25058 21659 18600 20397 17802 
26654 24155 19926 20880 22233 
15469 12482 10146 8400 10918 
35079 35656 21090 22964 36022 
31064 28248 20883 22185 25214 
26344 21878 16852 14422 23489 
28415 23558 17295 16687 19351 
25794 27978 20020 21965 23179 
34550 36360 29038 27710 31060 
20678 17147 12949 14156 17532 
36321 34008 26245 25241 29374 
27209 23642 24649 19945 17236 
